#
# There is insufficient memory for the Java Runtime Environment to continue.
# Native memory allocation (malloc) failed to allocate 1906448 bytes. Error detail: Chunk::new
# Possible reasons:
#   The system is out of physical RAM or swap space
#   This process is running with CompressedOops enabled, and the Java Heap may be blocking the growth of the native heap
# Possible solutions:
#   Reduce memory load on the system
#   Increase physical memory or swap space
#   Check if swap backing store is full
#   Decrease Java heap size (-Xmx/-Xms)
#   Decrease number of Java threads
#   Decrease Java thread stack sizes (-Xss)
#   Set larger code cache with -XX:ReservedCodeCacheSize=
#   JVM is running with Unscaled Compressed Oops mode in which the Java heap is
#     placed in the first 4GB address space. The Java Heap base address is the
#     maximum limit for the native heap growth. Please use -XX:HeapBaseMinAddress
#     to set the Java Heap base and to place the Java Heap above 4GB virtual address.
# This output file may be truncated or incomplete.
#
#  Out of Memory Error (arena.cpp:168), pid=15512, tid=2732
#
# JRE version: OpenJDK Runtime Environment Temurin-21.0.10+7 (21.0.10+7) (build 21.0.10+7-LTS)
# Java VM: OpenJDK 64-Bit Server VM Temurin-21.0.10+7 (21.0.10+7-LTS, mixed mode, sharing, tiered, compressed oops, compressed class ptrs, parallel gc, windows-amd64)
# No core dump will be written. Minidumps are not enabled by default on client versions of Windows
#

---------------  S U M M A R Y ------------

Command Line: --add-modules=ALL-SYSTEM --add-opens=java.base/java.util=ALL-UNNAMED --add-opens=java.base/java.lang=ALL-UNNAMED --add-opens=java.base/sun.nio.fs=ALL-UNNAMED -Declipse.application=org.eclipse.jdt.ls.core.id1 -Dosgi.bundles.defaultStartLevel=4 -Declipse.product=org.eclipse.jdt.ls.core.product -Djava.import.generatesMetadataFilesAtProjectRoot=false -DDetectVMInstallationsJob.disabled=true -Dfile.encoding=utf8 -XX:+UseParallelGC -XX:GCTimeRatio=4 -XX:AdaptiveSizePolicyWeight=90 -Dsun.zip.disableMemoryMapping=true -Xmx2G -Xms100m -Xlog:disable -javaagent:c:\Users\ashar\.vscode\extensions\redhat.java-1.53.0-win32-x64\lombok\lombok-1.18.39-4050.jar -XX:+HeapDumpOnOutOfMemoryError -XX:HeapDumpPath=c:\Users\ashar\AppData\Roaming\Code\User\workspaceStorage\820ebd766458397fb867c928179f2ca1\redhat.java -Daether.dependencyCollector.impl=bf c:\Users\ashar\.vscode\extensions\redhat.java-1.53.0-win32-x64\server\plugins\org.eclipse.equinox.launcher_1.7.100.v20251111-0406.jar -configuration c:\Users\ashar\AppData\Roaming\Code\User\globalStorage\redhat.java\1.53.0\config_win -data c:\Users\ashar\AppData\Roaming\Code\User\workspaceStorage\820ebd766458397fb867c928179f2ca1\redhat.java\jdt_ws --pipe=\\.\pipe\lsp-aec9097b085ed9da83a0d5fd2ae4c643-sock

Host: Intel(R) Core(TM) i5-8265U CPU @ 1.60GHz, 8 cores, 7G,  Windows 11 , 64 bit Build 26100 (10.0.26100.7623)
Time: Fri Feb 27 20:46:58 2026 SE Asia Standard Time elapsed time: 28.313513 seconds (0d 0h 0m 28s)

---------------  T H R E A D  ---------------

Current thread (0x000001b91382f670):  JavaThread "C2 CompilerThread2" daemon [_thread_in_native, id=2732, stack(0x00000084aab00000,0x00000084aac00000) (1024K)]


Current CompileTask:
C2:28313 4052   !   4       org.eclipse.osgi.internal.loader.classpath.ClasspathManager::findClassImpl (328 bytes)

Stack: [0x00000084aab00000,0x00000084aac00000]
Native frames: (J=compiled Java code, j=interpreted, Vv=VM code, C=native code)
V  [jvm.dll+0x6d7a39]
V  [jvm.dll+0x8b4b26]
V  [jvm.dll+0x8b70de]
V  [jvm.dll+0x8b77c3]
V  [jvm.dll+0x284346]
V  [jvm.dll+0xc66ed]
V  [jvm.dll+0xc6c31]
V  [jvm.dll+0x3bec3b]
V  [jvm.dll+0x1e3d62]
V  [jvm.dll+0x24c6b3]
V  [jvm.dll+0x24bb40]
V  [jvm.dll+0x1cb34e]
V  [jvm.dll+0x25b85d]
V  [jvm.dll+0x259dea]
V  [jvm.dll+0x3f857e]
V  [jvm.dll+0x85f59d]
V  [jvm.dll+0x6d626d]
C  [ucrtbase.dll+0x37b0]
C  [KERNEL32.DLL+0x2e8d7]
C  [ntdll.dll+0x8c53c]


---------------  P R O C E S S  ---------------

Threads class SMR info:
_java_thread_list=0x000001b913ba0150, length=27, elements={
0x000001b8b4f633e0, 0x000001b8b501a180, 0x000001b8b501c340, 0x000001b8cb9d3fd0,
0x000001b8cb9d4640, 0x000001b8cb9d55a0, 0x000001b8cb9daf30, 0x000001b8cb9dbd70,
0x000001b8cb9fc010, 0x000001b90e4f0200, 0x000001b90e679960, 0x000001b913171490,
0x000001b91328f4f0, 0x000001b90ede9980, 0x000001b90eee0b50, 0x000001b91331a4b0,
0x000001b91333ef30, 0x000001b913945090, 0x000001b913757130, 0x000001b9137556f0,
0x000001b913756410, 0x000001b913757e50, 0x000001b913c573d0, 0x000001b91382f670,
0x000001b913755d80, 0x000001b913756aa0, 0x000001b9137584e0
}

Java Threads: ( => current thread )
  0x000001b8b4f633e0 JavaThread "main"                              [_thread_in_vm, id=8156, stack(0x00000084a8a00000,0x00000084a8b00000) (1024K)]
  0x000001b8b501a180 JavaThread "Reference Handler"          daemon [_thread_blocked, id=7116, stack(0x00000084a8e00000,0x00000084a8f00000) (1024K)]
  0x000001b8b501c340 JavaThread "Finalizer"                  daemon [_thread_blocked, id=4336, stack(0x00000084a8f00000,0x00000084a9000000) (1024K)]
  0x000001b8cb9d3fd0 JavaThread "Signal Dispatcher"          daemon [_thread_blocked, id=16828, stack(0x00000084a9000000,0x00000084a9100000) (1024K)]
  0x000001b8cb9d4640 JavaThread "Attach Listener"            daemon [_thread_blocked, id=8896, stack(0x00000084a9100000,0x00000084a9200000) (1024K)]
  0x000001b8cb9d55a0 JavaThread "Service Thread"             daemon [_thread_blocked, id=3004, stack(0x00000084a9200000,0x00000084a9300000) (1024K)]
  0x000001b8cb9daf30 JavaThread "Monitor Deflation Thread"   daemon [_thread_blocked, id=12308, stack(0x00000084a9300000,0x00000084a9400000) (1024K)]
  0x000001b8cb9dbd70 JavaThread "C2 CompilerThread0"         daemon [_thread_in_native, id=2432, stack(0x00000084a9400000,0x00000084a9500000) (1024K)]
  0x000001b8cb9fc010 JavaThread "C1 CompilerThread0"         daemon [_thread_blocked, id=5336, stack(0x00000084a9500000,0x00000084a9600000) (1024K)]
  0x000001b90e4f0200 JavaThread "Common-Cleaner"             daemon [_thread_blocked, id=8372, stack(0x00000084a9600000,0x00000084a9700000) (1024K)]
  0x000001b90e679960 JavaThread "Notification Thread"        daemon [_thread_blocked, id=17216, stack(0x00000084a9800000,0x00000084a9900000) (1024K)]
  0x000001b913171490 JavaThread "Active Thread: Equinox Container: 46a63240-cac7-4e23-8fe8-f858065a8c14"        [_thread_blocked, id=18304, stack(0x00000084aa000000,0x00000084aa100000) (1024K)]
  0x000001b91328f4f0 JavaThread "Refresh Thread: Equinox Container: 46a63240-cac7-4e23-8fe8-f858065a8c14" daemon [_thread_blocked, id=2780, stack(0x00000084a9900000,0x00000084a9a00000) (1024K)]
  0x000001b90ede9980 JavaThread "Framework Event Dispatcher: Equinox Container: 46a63240-cac7-4e23-8fe8-f858065a8c14" daemon [_thread_blocked, id=7744, stack(0x00000084aa100000,0x00000084aa200000) (1024K)]
  0x000001b90eee0b50 JavaThread "Start Level: Equinox Container: 46a63240-cac7-4e23-8fe8-f858065a8c14" daemon [_thread_blocked, id=16596, stack(0x00000084aa200000,0x00000084aa300000) (1024K)]
  0x000001b91331a4b0 JavaThread "Bundle File Closer"         daemon [_thread_blocked, id=12976, stack(0x00000084aa400000,0x00000084aa500000) (1024K)]
  0x000001b91333ef30 JavaThread "SCR Component Actor"        daemon [_thread_blocked, id=13760, stack(0x00000084aa300000,0x00000084aa400000) (1024K)]
  0x000001b913945090 JavaThread "Worker-JM"                         [_thread_blocked, id=10004, stack(0x00000084aa600000,0x00000084aa700000) (1024K)]
  0x000001b913757130 JavaThread "JNA Cleaner"                daemon [_thread_blocked, id=8788, stack(0x00000084aa700000,0x00000084aa800000) (1024K)]
  0x000001b9137556f0 JavaThread "Worker-0: Repository registry initialization"        [_thread_blocked, id=4808, stack(0x00000084aa800000,0x00000084aa900000) (1024K)]
  0x000001b913756410 JavaThread "Worker-1: Initialize After Load"        [_thread_in_Java, id=17652, stack(0x00000084aa900000,0x00000084aaa00000) (1024K)]
  0x000001b913757e50 JavaThread "Worker-2: Updating Maven Dependencies"        [_thread_in_Java, id=9592, stack(0x00000084aa500000,0x00000084aa600000) (1024K)]
  0x000001b913c573d0 JavaThread "C2 CompilerThread1"         daemon [_thread_in_native, id=5880, stack(0x00000084aaa00000,0x00000084aab00000) (1024K)]
=>0x000001b91382f670 JavaThread "C2 CompilerThread2"         daemon [_thread_in_native, id=2732, stack(0x00000084aab00000,0x00000084aac00000) (1024K)]
  0x000001b913755d80 JavaThread "Worker-3: Loading available Gradle versions"        [_thread_in_vm, id=13640, stack(0x00000084aac00000,0x00000084aad00000) (1024K)]
  0x000001b913756aa0 JavaThread "Java indexing"              daemon [_thread_blocked, id=14432, stack(0x00000084aad00000,0x00000084aae00000) (1024K)]
  0x000001b9137584e0 JavaThread "Worker-4"                          [_thread_blocked, id=12876, stack(0x00000084ab000000,0x00000084ab100000) (1024K)]
Total: 27

Other Threads:
  0x000001b8cb9d2610 VMThread "VM Thread"                           [id=7192, stack(0x00000084a8d00000,0x00000084a8e00000) (1024K)]
  0x000001b8cb8eca00 WatcherThread "VM Periodic Task Thread"        [id=3148, stack(0x00000084a8c00000,0x00000084a8d00000) (1024K)]
  0x000001b8b4f81990 WorkerThread "GC Thread#0"                     [id=8104, stack(0x00000084a8b00000,0x00000084a8c00000) (1024K)]
  0x000001b90e98fbe0 WorkerThread "GC Thread#1"                     [id=13608, stack(0x00000084a9a00000,0x00000084a9b00000) (1024K)]
  0x000001b90eef6bf0 WorkerThread "GC Thread#2"                     [id=13588, stack(0x00000084a9b00000,0x00000084a9c00000) (1024K)]
  0x000001b90e98ff90 WorkerThread "GC Thread#3"                     [id=14932, stack(0x00000084a9c00000,0x00000084a9d00000) (1024K)]
  0x000001b90e990340 WorkerThread "GC Thread#4"                     [id=4772, stack(0x00000084a9d00000,0x00000084a9e00000) (1024K)]
  0x000001b90e9906f0 WorkerThread "GC Thread#5"                     [id=16768, stack(0x00000084a9e00000,0x00000084a9f00000) (1024K)]
  0x000001b90ec279d0 WorkerThread "GC Thread#6"                     [id=1996, stack(0x00000084a9f00000,0x00000084aa000000) (1024K)]
  0x000001b9132d4000 WorkerThread "GC Thread#7"                     [id=11380, stack(0x00000084a9700000,0x00000084a9800000) (1024K)]
Total: 10

Threads with active compile tasks:
C2 CompilerThread0  28343 4125       4       java.lang.invoke.MethodType::makeImpl (109 bytes)
C1 CompilerThread0  28343 4381       2       org.eclipse.sisu.plexus.PlexusXmlScanner::TEXT (10 bytes)
C2 CompilerThread1  28343 4144       4       java.lang.String$CaseInsensitiveComparator::compare (13 bytes)
C2 CompilerThread2  28344 4052   !   4       org.eclipse.osgi.internal.loader.classpath.ClasspathManager::findClassImpl (328 bytes)
Total: 4

VM state: not at safepoint (normal execution)

VM Mutex/Monitor currently owned by a thread: None

Heap address: 0x0000000080000000, size: 2048 MB, Compressed Oops mode: 32-bit

CDS archive(s) mapped at: [0x000001b8cc000000-0x000001b8ccba0000-0x000001b8ccba0000), size 12189696, SharedBaseAddress: 0x000001b8cc000000, ArchiveRelocationMode: 1.
Compressed class space mapped at: 0x000001b8cd000000-0x000001b90d000000, reserved size: 1073741824
Narrow klass base: 0x000001b8cc000000, Narrow klass shift: 0, Narrow klass range: 0x100000000

GC Precious Log:
 CardTable entry size: 512
 CPUs: 8 total, 8 available
 Memory: 8072M
 Large Page Support: Disabled
 NUMA Support: Disabled
 Compressed Oops: Enabled (32-bit)
 Alignments: Space 512K, Generation 512K, Heap 2M
 Heap Min Capacity: 100M
 Heap Initial Capacity: 100M
 Heap Max Capacity: 2G
 Pre-touch: Disabled
 Parallel Workers: 8

Heap:
 PSYoungGen      total 24064K, used 14057K [0x00000000d5580000, 0x00000000d7200000, 0x0000000100000000)
  eden space 22528K, 56% used [0x00000000d5580000,0x00000000d6201920,0x00000000d6b80000)
  from space 1536K, 81% used [0x00000000d6e80000,0x00000000d6fb8ba0,0x00000000d7000000)
  to   space 1536K, 0% used [0x00000000d7080000,0x00000000d7080000,0x00000000d7200000)
 ParOldGen       total 68608K, used 16137K [0x0000000080000000, 0x0000000084300000, 0x00000000d5580000)
  object space 68608K, 23% used [0x0000000080000000,0x0000000080fc2468,0x0000000084300000)
 Metaspace       used 32708K, committed 33792K, reserved 1114112K
  class space    used 3365K, committed 3840K, reserved 1048576K

Card table byte_map: [0x000001b8b4900000,0x000001b8b4d10000] _byte_map_base: 0x000001b8b4500000

Marking Bits: (ParMarkBitMap*) 0x00007ffb0d023450
 Begin Bits: [0x000001b8c7410000, 0x000001b8c9410000)
 End Bits:   [0x000001b8c9410000, 0x000001b8cb410000)

Polling page: 0x000001b8b2f20000

Metaspace:

Usage:
  Non-class:     28.66 MB used.
      Class:      3.29 MB used.
       Both:     31.95 MB used.

Virtual space:
  Non-class space:       64.00 MB reserved,      29.25 MB ( 46%) committed,  1 nodes.
      Class space:        1.00 GB reserved,       3.75 MB ( <1%) committed,  1 nodes.
             Both:        1.06 GB reserved,      33.00 MB (  3%) committed. 

Chunk freelists:
   Non-Class:  1.97 MB
       Class:  12.10 MB
        Both:  14.07 MB

MaxMetaspaceSize: unlimited
CompressedClassSpaceSize: 1.00 GB
Initial GC threshold: 21.00 MB
Current GC threshold: 35.00 MB
CDS: on
 - commit_granule_bytes: 65536.
 - commit_granule_words: 8192.
 - virtual_space_node_default_size: 8388608.
 - enlarge_chunks_in_place: 1.
 - use_allocation_guard: 0.


Internal statistics:

num_allocs_failed_limit: 3.
num_arena_births: 734.
num_arena_deaths: 14.
num_vsnodes_births: 2.
num_vsnodes_deaths: 0.
num_space_committed: 528.
num_space_uncommitted: 0.
num_chunks_returned_to_freelist: 17.
num_chunks_taken_from_freelist: 2107.
num_chunk_merges: 8.
num_chunk_splits: 1324.
num_chunks_enlarged: 822.
num_inconsistent_stats: 0.

CodeHeap 'non-profiled nmethods': size=120000Kb used=2040Kb max_used=2040Kb free=117959Kb
 bounds [0x000001b8bfc30000, 0x000001b8bfea0000, 0x000001b8c7160000]
CodeHeap 'profiled nmethods': size=120000Kb used=9321Kb max_used=9321Kb free=110678Kb
 bounds [0x000001b8b8160000, 0x000001b8b8a80000, 0x000001b8bf690000]
CodeHeap 'non-nmethods': size=5760Kb used=1350Kb max_used=1424Kb free=4409Kb
 bounds [0x000001b8bf690000, 0x000001b8bf900000, 0x000001b8bfc30000]
CodeCache: size=245760Kb, used=12711Kb, max_used=12785Kb, free=233046Kb
 total_blobs=4985, nmethods=4344, adapters=547, full_count=0
Compilation: enabled, stopped_count=0, restarted_count=0

Compilation events (20 events):
Event: 27.280 Thread 0x000001b8cb9fc010 4346       2       java.util.EnumSet::noneOf (63 bytes)
Event: 27.281 Thread 0x000001b8cb9fc010 nmethod 4346 0x000001b8b8a6a710 code [0x000001b8b8a6a940, 0x000001b8b8a6aeb0]
Event: 27.281 Thread 0x000001b8cb9fc010 4347       2       java.util.EnumSet::getUniverse (10 bytes)
Event: 27.281 Thread 0x000001b8cb9fc010 nmethod 4347 0x000001b8b8a6b210 code [0x000001b8b8a6b3c0, 0x000001b8b8a6b550]
Event: 27.281 Thread 0x000001b8cb9fc010 4348       2       java.util.RegularEnumSet::<init> (12 bytes)
Event: 27.281 Thread 0x000001b8cb9fc010 nmethod 4348 0x000001b8b8a6b690 code [0x000001b8b8a6b820, 0x000001b8b8a6b960]
Event: 27.282 Thread 0x000001b8cb9fc010 4350       2       java.util.Spliterators$EmptySpliterator$OfRef::tryAdvance (6 bytes)
Event: 27.282 Thread 0x000001b8cb9fc010 nmethod 4350 0x000001b8b8a6ba10 code [0x000001b8b8a6bbc0, 0x000001b8b8a6bd80]
Event: 27.282 Thread 0x000001b8cb9fc010 4351       2       java.util.Spliterators$EmptySpliterator::tryAdvance (7 bytes)
Event: 27.282 Thread 0x000001b8cb9fc010 nmethod 4351 0x000001b8b8a6be90 code [0x000001b8b8a6c040, 0x000001b8b8a6c200]
Event: 27.282 Thread 0x000001b8cb9fc010 4349       2       java.util.EnumSet::<init> (15 bytes)
Event: 27.282 Thread 0x000001b8cb9fc010 nmethod 4349 0x000001b8b8a6c310 code [0x000001b8b8a6c4a0, 0x000001b8b8a6c5d0]
Event: 27.282 Thread 0x000001b8cb9fc010 4352       2       java.util.zip.ZipFile$Source::initCEN (612 bytes)
Event: 27.286 Thread 0x000001b8cb9fc010 nmethod 4352 0x000001b8b8a6c690 code [0x000001b8b8a6ca40, 0x000001b8b8a6e298]
Event: 27.286 Thread 0x000001b8cb9fc010 4357       2       java.util.regex.Pattern$BmpCharPropertyGreedy::match (89 bytes)
Event: 27.287 Thread 0x000001b8cb9fc010 nmethod 4357 0x000001b8b8a6f210 code [0x000001b8b8a6f3e0, 0x000001b8b8a6f750]
Event: 27.287 Thread 0x000001b8cb9fc010 4356   !   2       org.eclipse.osgi.internal.framework.EquinoxBundle::adapt0 (939 bytes)
Event: 27.299 Thread 0x000001b8cb9fc010 nmethod 4356 0x000001b8b8a6f910 code [0x000001b8b8a70180, 0x000001b8b8a72cb8]
Event: 27.299 Thread 0x000001b8cb9fc010 4359       2       org.apache.aries.spifly.BaseActivator::getAllHeaders (189 bytes)
Event: 28.311 Thread 0x000001b913c573d0 nmethod 4053 0x000001b8bfe2af10 code [0x000001b8bfe2b240, 0x000001b8bfe2c878]

GC Heap History (20 events):
Event: 11.412 GC heap before
{Heap before GC invocations=3 (full 0):
 PSYoungGen      total 29696K, used 29670K [0x00000000d5580000, 0x00000000d7680000, 0x0000000100000000)
  eden space 25600K, 100% used [0x00000000d5580000,0x00000000d6e80000,0x00000000d6e80000)
  from space 4096K, 99% used [0x00000000d7280000,0x00000000d7679800,0x00000000d7680000)
  to   space 4096K, 0% used [0x00000000d6e80000,0x00000000d6e80000,0x00000000d7280000)
 ParOldGen       total 68608K, used 2073K [0x0000000080000000, 0x0000000084300000, 0x00000000d5580000)
  object space 68608K, 3% used [0x0000000080000000,0x0000000080206638,0x0000000084300000)
 Metaspace       used 9466K, committed 9792K, reserved 1114112K
  class space    used 1008K, committed 1152K, reserved 1048576K
}
Event: 11.421 GC heap after
{Heap after GC invocations=3 (full 0):
 PSYoungGen      total 29696K, used 4073K [0x00000000d5580000, 0x00000000d7680000, 0x0000000100000000)
  eden space 25600K, 0% used [0x00000000d5580000,0x00000000d5580000,0x00000000d6e80000)
  from space 4096K, 99% used [0x00000000d6e80000,0x00000000d727a640,0x00000000d7280000)
  to   space 4096K, 0% used [0x00000000d7280000,0x00000000d7280000,0x00000000d7680000)
 ParOldGen       total 68608K, used 5146K [0x0000000080000000, 0x0000000084300000, 0x00000000d5580000)
  object space 68608K, 7% used [0x0000000080000000,0x0000000080506b08,0x0000000084300000)
 Metaspace       used 9466K, committed 9792K, reserved 1114112K
  class space    used 1008K, committed 1152K, reserved 1048576K
}
Event: 19.013 GC heap before
{Heap before GC invocations=4 (full 0):
 PSYoungGen      total 29696K, used 29673K [0x00000000d5580000, 0x00000000d7680000, 0x0000000100000000)
  eden space 25600K, 100% used [0x00000000d5580000,0x00000000d6e80000,0x00000000d6e80000)
  from space 4096K, 99% used [0x00000000d6e80000,0x00000000d727a640,0x00000000d7280000)
  to   space 4096K, 0% used [0x00000000d7280000,0x00000000d7280000,0x00000000d7680000)
 ParOldGen       total 68608K, used 5146K [0x0000000080000000, 0x0000000084300000, 0x00000000d5580000)
  object space 68608K, 7% used [0x0000000080000000,0x0000000080506b08,0x0000000084300000)
 Metaspace       used 11732K, committed 12096K, reserved 1114112K
  class space    used 1243K, committed 1408K, reserved 1048576K
}
Event: 19.021 GC heap after
{Heap after GC invocations=4 (full 0):
 PSYoungGen      total 29696K, used 4073K [0x00000000d5580000, 0x00000000d7680000, 0x0000000100000000)
  eden space 25600K, 0% used [0x00000000d5580000,0x00000000d5580000,0x00000000d6e80000)
  from space 4096K, 99% used [0x00000000d7280000,0x00000000d767a468,0x00000000d7680000)
  to   space 4096K, 0% used [0x00000000d6e80000,0x00000000d6e80000,0x00000000d7280000)
 ParOldGen       total 68608K, used 6792K [0x0000000080000000, 0x0000000084300000, 0x00000000d5580000)
  object space 68608K, 9% used [0x0000000080000000,0x00000000806a21e0,0x0000000084300000)
 Metaspace       used 11732K, committed 12096K, reserved 1114112K
  class space    used 1243K, committed 1408K, reserved 1048576K
}
Event: 22.050 GC heap before
{Heap before GC invocations=5 (full 0):
 PSYoungGen      total 29696K, used 29673K [0x00000000d5580000, 0x00000000d7680000, 0x0000000100000000)
  eden space 25600K, 100% used [0x00000000d5580000,0x00000000d6e80000,0x00000000d6e80000)
  from space 4096K, 99% used [0x00000000d7280000,0x00000000d767a468,0x00000000d7680000)
  to   space 4096K, 0% used [0x00000000d6e80000,0x00000000d6e80000,0x00000000d7280000)
 ParOldGen       total 68608K, used 6792K [0x0000000080000000, 0x0000000084300000, 0x00000000d5580000)
  object space 68608K, 9% used [0x0000000080000000,0x00000000806a21e0,0x0000000084300000)
 Metaspace       used 15707K, committed 16320K, reserved 1114112K
  class space    used 1637K, committed 1920K, reserved 1048576K
}
Event: 22.054 GC heap after
{Heap after GC invocations=5 (full 0):
 PSYoungGen      total 29184K, used 4064K [0x00000000d5580000, 0x00000000d7900000, 0x0000000100000000)
  eden space 25088K, 0% used [0x00000000d5580000,0x00000000d5580000,0x00000000d6e00000)
  from space 4096K, 99% used [0x00000000d6e80000,0x00000000d72780c8,0x00000000d7280000)
  to   space 5632K, 0% used [0x00000000d7380000,0x00000000d7380000,0x00000000d7900000)
 ParOldGen       total 68608K, used 7815K [0x0000000080000000, 0x0000000084300000, 0x00000000d5580000)
  object space 68608K, 11% used [0x0000000080000000,0x00000000807a1c50,0x0000000084300000)
 Metaspace       used 15707K, committed 16320K, reserved 1114112K
  class space    used 1637K, committed 1920K, reserved 1048576K
}
Event: 23.387 GC heap before
{Heap before GC invocations=6 (full 0):
 PSYoungGen      total 29184K, used 29152K [0x00000000d5580000, 0x00000000d7900000, 0x0000000100000000)
  eden space 25088K, 100% used [0x00000000d5580000,0x00000000d6e00000,0x00000000d6e00000)
  from space 4096K, 99% used [0x00000000d6e80000,0x00000000d72780c8,0x00000000d7280000)
  to   space 5632K, 0% used [0x00000000d7380000,0x00000000d7380000,0x00000000d7900000)
 ParOldGen       total 68608K, used 7815K [0x0000000080000000, 0x0000000084300000, 0x00000000d5580000)
  object space 68608K, 11% used [0x0000000080000000,0x00000000807a1c50,0x0000000084300000)
 Metaspace       used 18822K, committed 19648K, reserved 1114112K
  class space    used 1982K, committed 2304K, reserved 1048576K
}
Event: 23.395 GC heap after
{Heap after GC invocations=6 (full 0):
 PSYoungGen      total 29696K, used 4834K [0x00000000d5580000, 0x00000000d7880000, 0x0000000100000000)
  eden space 24576K, 0% used [0x00000000d5580000,0x00000000d5580000,0x00000000d6d80000)
  from space 5120K, 94% used [0x00000000d7380000,0x00000000d7838918,0x00000000d7880000)
  to   space 5120K, 0% used [0x00000000d6e80000,0x00000000d6e80000,0x00000000d7380000)
 ParOldGen       total 68608K, used 7823K [0x0000000080000000, 0x0000000084300000, 0x00000000d5580000)
  object space 68608K, 11% used [0x0000000080000000,0x00000000807a3c50,0x0000000084300000)
 Metaspace       used 18822K, committed 19648K, reserved 1114112K
  class space    used 1982K, committed 2304K, reserved 1048576K
}
Event: 24.936 GC heap before
{Heap before GC invocations=7 (full 0):
 PSYoungGen      total 29696K, used 23771K [0x00000000d5580000, 0x00000000d7880000, 0x0000000100000000)
  eden space 24576K, 77% used [0x00000000d5580000,0x00000000d67fe408,0x00000000d6d80000)
  from space 5120K, 94% used [0x00000000d7380000,0x00000000d7838918,0x00000000d7880000)
  to   space 5120K, 0% used [0x00000000d6e80000,0x00000000d6e80000,0x00000000d7380000)
 ParOldGen       total 68608K, used 7823K [0x0000000080000000, 0x0000000084300000, 0x00000000d5580000)
  object space 68608K, 11% used [0x0000000080000000,0x00000000807a3c50,0x0000000084300000)
 Metaspace       used 20702K, committed 21504K, reserved 1114112K
  class space    used 2194K, committed 2560K, reserved 1048576K
}
Event: 24.943 GC heap after
{Heap after GC invocations=7 (full 0):
 PSYoungGen      total 29184K, used 4359K [0x00000000d5580000, 0x00000000d7680000, 0x0000000100000000)
  eden space 24576K, 0% used [0x00000000d5580000,0x00000000d5580000,0x00000000d6d80000)
  from space 4608K, 94% used [0x00000000d6e80000,0x00000000d72c1d40,0x00000000d7300000)
  to   space 3584K, 0% used [0x00000000d7300000,0x00000000d7300000,0x00000000d7680000)
 ParOldGen       total 68608K, used 9388K [0x0000000080000000, 0x0000000084300000, 0x00000000d5580000)
  object space 68608K, 13% used [0x0000000080000000,0x000000008092b258,0x0000000084300000)
 Metaspace       used 20702K, committed 21504K, reserved 1114112K
  class space    used 2194K, committed 2560K, reserved 1048576K
}
Event: 24.943 GC heap before
{Heap before GC invocations=8 (full 1):
 PSYoungGen      total 29184K, used 4359K [0x00000000d5580000, 0x00000000d7680000, 0x0000000100000000)
  eden space 24576K, 0% used [0x00000000d5580000,0x00000000d5580000,0x00000000d6d80000)
  from space 4608K, 94% used [0x00000000d6e80000,0x00000000d72c1d40,0x00000000d7300000)
  to   space 3584K, 0% used [0x00000000d7300000,0x00000000d7300000,0x00000000d7680000)
 ParOldGen       total 68608K, used 9388K [0x0000000080000000, 0x0000000084300000, 0x00000000d5580000)
  object space 68608K, 13% used [0x0000000080000000,0x000000008092b258,0x0000000084300000)
 Metaspace       used 20702K, committed 21504K, reserved 1114112K
  class space    used 2194K, committed 2560K, reserved 1048576K
}
Event: 24.994 GC heap after
{Heap after GC invocations=8 (full 1):
 PSYoungGen      total 29184K, used 0K [0x00000000d5580000, 0x00000000d7680000, 0x0000000100000000)
  eden space 24576K, 0% used [0x00000000d5580000,0x00000000d5580000,0x00000000d6d80000)
  from space 4608K, 0% used [0x00000000d6e80000,0x00000000d6e80000,0x00000000d7300000)
  to   space 3584K, 0% used [0x00000000d7300000,0x00000000d7300000,0x00000000d7680000)
 ParOldGen       total 68608K, used 13142K [0x0000000080000000, 0x0000000084300000, 0x00000000d5580000)
  object space 68608K, 19% used [0x0000000080000000,0x0000000080cd5858,0x0000000084300000)
 Metaspace       used 20689K, committed 21504K, reserved 1114112K
  class space    used 2191K, committed 2560K, reserved 1048576K
}
Event: 25.327 GC heap before
{Heap before GC invocations=9 (full 1):
 PSYoungGen      total 29184K, used 24576K [0x00000000d5580000, 0x00000000d7680000, 0x0000000100000000)
  eden space 24576K, 100% used [0x00000000d5580000,0x00000000d6d80000,0x00000000d6d80000)
  from space 4608K, 0% used [0x00000000d6e80000,0x00000000d6e80000,0x00000000d7300000)
  to   space 3584K, 0% used [0x00000000d7300000,0x00000000d7300000,0x00000000d7680000)
 ParOldGen       total 68608K, used 13142K [0x0000000080000000, 0x0000000084300000, 0x00000000d5580000)
  object space 68608K, 19% used [0x0000000080000000,0x0000000080cd5858,0x0000000084300000)
 Metaspace       used 23163K, committed 24064K, reserved 1114112K
  class space    used 2357K, committed 2752K, reserved 1048576K
}
Event: 25.328 GC heap after
{Heap after GC invocations=9 (full 1):
 PSYoungGen      total 25088K, used 796K [0x00000000d5580000, 0x00000000d7400000, 0x0000000100000000)
  eden space 24064K, 0% used [0x00000000d5580000,0x00000000d5580000,0x00000000d6d00000)
  from space 1024K, 77% used [0x00000000d7300000,0x00000000d73c7360,0x00000000d7400000)
  to   space 2560K, 0% used [0x00000000d6f00000,0x00000000d6f00000,0x00000000d7180000)
 ParOldGen       total 68608K, used 13142K [0x0000000080000000, 0x0000000084300000, 0x00000000d5580000)
  object space 68608K, 19% used [0x0000000080000000,0x0000000080cd5858,0x0000000084300000)
 Metaspace       used 23163K, committed 24064K, reserved 1114112K
  class space    used 2357K, committed 2752K, reserved 1048576K
}
Event: 25.734 GC heap before
{Heap before GC invocations=10 (full 1):
 PSYoungGen      total 25088K, used 24860K [0x00000000d5580000, 0x00000000d7400000, 0x0000000100000000)
  eden space 24064K, 100% used [0x00000000d5580000,0x00000000d6d00000,0x00000000d6d00000)
  from space 1024K, 77% used [0x00000000d7300000,0x00000000d73c7360,0x00000000d7400000)
  to   space 2560K, 0% used [0x00000000d6f00000,0x00000000d6f00000,0x00000000d7180000)
 ParOldGen       total 68608K, used 13142K [0x0000000080000000, 0x0000000084300000, 0x00000000d5580000)
  object space 68608K, 19% used [0x0000000080000000,0x0000000080cd5858,0x0000000084300000)
 Metaspace       used 26462K, committed 27392K, reserved 1114112K
  class space    used 2607K, committed 3008K, reserved 1048576K
}
Event: 25.737 GC heap after
{Heap after GC invocations=10 (full 1):
 PSYoungGen      total 26112K, used 2516K [0x00000000d5580000, 0x00000000d7380000, 0x0000000100000000)
  eden space 23552K, 0% used [0x00000000d5580000,0x00000000d5580000,0x00000000d6c80000)
  from space 2560K, 98% used [0x00000000d6f00000,0x00000000d71750f0,0x00000000d7180000)
  to   space 2048K, 0% used [0x00000000d7180000,0x00000000d7180000,0x00000000d7380000)
 ParOldGen       total 68608K, used 13150K [0x0000000080000000, 0x0000000084300000, 0x00000000d5580000)
  object space 68608K, 19% used [0x0000000080000000,0x0000000080cd7858,0x0000000084300000)
 Metaspace       used 26462K, committed 27392K, reserved 1114112K
  class space    used 2607K, committed 3008K, reserved 1048576K
}
Event: 26.213 GC heap before
{Heap before GC invocations=11 (full 1):
 PSYoungGen      total 26112K, used 26068K [0x00000000d5580000, 0x00000000d7380000, 0x0000000100000000)
  eden space 23552K, 100% used [0x00000000d5580000,0x00000000d6c80000,0x00000000d6c80000)
  from space 2560K, 98% used [0x00000000d6f00000,0x00000000d71750f0,0x00000000d7180000)
  to   space 2048K, 0% used [0x00000000d7180000,0x00000000d7180000,0x00000000d7380000)
 ParOldGen       total 68608K, used 13150K [0x0000000080000000, 0x0000000084300000, 0x00000000d5580000)
  object space 68608K, 19% used [0x0000000080000000,0x0000000080cd7858,0x0000000084300000)
 Metaspace       used 28326K, committed 29248K, reserved 1114112K
  class space    used 2800K, committed 3200K, reserved 1048576K
}
Event: 26.216 GC heap after
{Heap after GC invocations=11 (full 1):
 PSYoungGen      total 25088K, used 1819K [0x00000000d5580000, 0x00000000d7380000, 0x0000000100000000)
  eden space 23040K, 0% used [0x00000000d5580000,0x00000000d5580000,0x00000000d6c00000)
  from space 2048K, 88% used [0x00000000d7180000,0x00000000d7346da0,0x00000000d7380000)
  to   space 2560K, 0% used [0x00000000d6e80000,0x00000000d6e80000,0x00000000d7100000)
 ParOldGen       total 68608K, used 14463K [0x0000000080000000, 0x0000000084300000, 0x00000000d5580000)
  object space 68608K, 21% used [0x0000000080000000,0x0000000080e1fd30,0x0000000084300000)
 Metaspace       used 28326K, committed 29248K, reserved 1114112K
  class space    used 2800K, committed 3200K, reserved 1048576K
}
Event: 26.905 GC heap before
{Heap before GC invocations=12 (full 1):
 PSYoungGen      total 25088K, used 24859K [0x00000000d5580000, 0x00000000d7380000, 0x0000000100000000)
  eden space 23040K, 100% used [0x00000000d5580000,0x00000000d6c00000,0x00000000d6c00000)
  from space 2048K, 88% used [0x00000000d7180000,0x00000000d7346da0,0x00000000d7380000)
  to   space 2560K, 0% used [0x00000000d6e80000,0x00000000d6e80000,0x00000000d7100000)
 ParOldGen       total 68608K, used 14463K [0x0000000080000000, 0x0000000084300000, 0x00000000d5580000)
  object space 68608K, 21% used [0x0000000080000000,0x0000000080e1fd30,0x0000000084300000)
 Metaspace       used 31668K, committed 32640K, reserved 1114112K
  class space    used 3228K, committed 3712K, reserved 1048576K
}
Event: 26.910 GC heap after
{Heap after GC invocations=12 (full 1):
 PSYoungGen      total 24064K, used 1250K [0x00000000d5580000, 0x00000000d7200000, 0x0000000100000000)
  eden space 22528K, 0% used [0x00000000d5580000,0x00000000d5580000,0x00000000d6b80000)
  from space 1536K, 81% used [0x00000000d6e80000,0x00000000d6fb8ba0,0x00000000d7000000)
  to   space 1536K, 0% used [0x00000000d7080000,0x00000000d7080000,0x00000000d7200000)
 ParOldGen       total 68608K, used 16137K [0x0000000080000000, 0x0000000084300000, 0x00000000d5580000)
  object space 68608K, 23% used [0x0000000080000000,0x0000000080fc2468,0x0000000084300000)
 Metaspace       used 31668K, committed 32640K, reserved 1114112K
  class space    used 3228K, committed 3712K, reserved 1048576K
}

Dll operation events (10 events):
Event: 0.014 Loaded shared library c:\Users\ashar\.vscode\extensions\redhat.java-1.53.0-win32-x64\jre\21.0.10-win32-x86_64\bin\java.dll
Event: 0.186 Loaded shared library c:\Users\ashar\.vscode\extensions\redhat.java-1.53.0-win32-x64\jre\21.0.10-win32-x86_64\bin\zip.dll
Event: 0.215 Loaded shared library C:\Users\ashar\.vscode\extensions\redhat.java-1.53.0-win32-x64\jre\21.0.10-win32-x86_64\bin\instrument.dll
Event: 0.224 Loaded shared library C:\Users\ashar\.vscode\extensions\redhat.java-1.53.0-win32-x64\jre\21.0.10-win32-x86_64\bin\net.dll
Event: 0.226 Loaded shared library C:\Users\ashar\.vscode\extensions\redhat.java-1.53.0-win32-x64\jre\21.0.10-win32-x86_64\bin\nio.dll
Event: 0.230 Loaded shared library C:\Users\ashar\.vscode\extensions\redhat.java-1.53.0-win32-x64\jre\21.0.10-win32-x86_64\bin\zip.dll
Event: 0.265 Loaded shared library C:\Users\ashar\.vscode\extensions\redhat.java-1.53.0-win32-x64\jre\21.0.10-win32-x86_64\bin\jimage.dll
Event: 0.414 Loaded shared library c:\Users\ashar\.vscode\extensions\redhat.java-1.53.0-win32-x64\jre\21.0.10-win32-x86_64\bin\verify.dll
Event: 4.075 Loaded shared library C:\Users\ashar\AppData\Roaming\Code\User\globalStorage\redhat.java\1.53.0\config_win\org.eclipse.equinox.launcher\org.eclipse.equinox.launcher.win32.win32.x86_64_1.3.0.v20260203-2149\eclipse_11919.dll
Event: 22.385 Loaded shared library C:\Users\ashar\AppData\Local\Temp\jna-93110567\jna10243069405980358545.dll

Deoptimization events (20 events):
Event: 26.977 Thread 0x000001b90eee0b50 DEOPT PACKING pc=0x000001b8bfddbd80 sp=0x00000084aa2fd7e0
Event: 26.977 Thread 0x000001b90eee0b50 DEOPT UNPACKING pc=0x000001b8bf6e3aa2 sp=0x00000084aa2fd760 mode 2
Event: 26.997 Thread 0x000001b913757e50 Uncommon trap: trap_request=0xffffffc6 fr.pc=0x000001b8bfd7a5fc relative=0x00000000000011fc
Event: 26.997 Thread 0x000001b913757e50 Uncommon trap: reason=bimorphic_or_optimized_type_check action=maybe_recompile pc=0x000001b8bfd7a5fc method=java.util.Properties$LineReader.readLine()I @ 479 c2
Event: 26.997 Thread 0x000001b913757e50 DEOPT PACKING pc=0x000001b8bfd7a5fc sp=0x00000084aa5fd840
Event: 26.997 Thread 0x000001b913757e50 DEOPT UNPACKING pc=0x000001b8bf6e3aa2 sp=0x00000084aa5fd7e0 mode 2
Event: 27.119 Thread 0x000001b90eee0b50 Uncommon trap: trap_request=0xffffff45 fr.pc=0x000001b8bfc95148 relative=0x0000000000000128
Event: 27.119 Thread 0x000001b90eee0b50 Uncommon trap: reason=unstable_if action=reinterpret pc=0x000001b8bfc95148 method=jdk.internal.org.objectweb.asm.SymbolTable.put(Ljdk/internal/org/objectweb/asm/SymbolTable$Entry;)Ljdk/internal/org/objectweb/asm/SymbolTable$Entry; @ 13 c2
Event: 27.119 Thread 0x000001b90eee0b50 DEOPT PACKING pc=0x000001b8bfc95148 sp=0x00000084aa2fbee0
Event: 27.119 Thread 0x000001b90eee0b50 DEOPT UNPACKING pc=0x000001b8bf6e3aa2 sp=0x00000084aa2fbe40 mode 2
Event: 27.247 Thread 0x000001b913757e50 Uncommon trap: trap_request=0xffffff45 fr.pc=0x000001b8bfd73f54 relative=0x0000000000000134
Event: 27.247 Thread 0x000001b913757e50 Uncommon trap: reason=unstable_if action=reinterpret pc=0x000001b8bfd73f54 method=java.util.ArrayList.indexOfRange(Ljava/lang/Object;II)I @ 7 c2
Event: 27.247 Thread 0x000001b913757e50 DEOPT PACKING pc=0x000001b8bfd73f54 sp=0x00000084aa5fe3b0
Event: 27.247 Thread 0x000001b913757e50 DEOPT UNPACKING pc=0x000001b8bf6e3aa2 sp=0x00000084aa5fe270 mode 2
Event: 27.268 Thread 0x000001b90eee0b50 DEOPT PACKING pc=0x000001b8b86a6f94 sp=0x00000084aa2fd8a0
Event: 27.268 Thread 0x000001b90eee0b50 DEOPT UNPACKING pc=0x000001b8bf6e4242 sp=0x00000084aa2fcdf0 mode 0
Event: 27.269 Thread 0x000001b913757e50 Uncommon trap: trap_request=0xffffff45 fr.pc=0x000001b8bfd63dc4 relative=0x0000000000000124
Event: 27.269 Thread 0x000001b913757e50 Uncommon trap: reason=unstable_if action=reinterpret pc=0x000001b8bfd63dc4 method=java.util.ArrayList.indexOfRange(Ljava/lang/Object;II)I @ 7 c2
Event: 27.269 Thread 0x000001b913757e50 DEOPT PACKING pc=0x000001b8bfd63dc4 sp=0x00000084aa5fe300
Event: 27.269 Thread 0x000001b913757e50 DEOPT UNPACKING pc=0x000001b8bf6e3aa2 sp=0x00000084aa5fe280 mode 2

Classes loaded (20 events):
Event: 27.023 Loading class java/lang/annotation/IncompleteAnnotationException
Event: 27.024 Loading class java/lang/annotation/IncompleteAnnotationException done
Event: 27.228 Loading class javax/crypto/IllegalBlockSizeException
Event: 27.228 Loading class javax/crypto/IllegalBlockSizeException done
Event: 27.228 Loading class javax/crypto/BadPaddingException
Event: 27.228 Loading class javax/crypto/BadPaddingException done
Event: 27.232 Loading class java/security/InvalidAlgorithmParameterException
Event: 27.232 Loading class java/security/InvalidAlgorithmParameterException done
Event: 27.232 Loading class java/security/spec/InvalidKeySpecException
Event: 27.232 Loading class java/security/spec/InvalidKeySpecException done
Event: 27.232 Loading class javax/crypto/NoSuchPaddingException
Event: 27.232 Loading class javax/crypto/NoSuchPaddingException done
Event: 27.233 Loading class java/security/spec/InvalidParameterSpecException
Event: 27.233 Loading class java/security/spec/InvalidParameterSpecException done
Event: 27.234 Loading class javax/crypto/spec/PBEKeySpec
Event: 27.234 Loading class javax/crypto/spec/PBEKeySpec done
Event: 27.247 Loading class jdk/internal/reflect/MethodHandleBooleanFieldAccessorImpl
Event: 27.247 Loading class jdk/internal/reflect/MethodHandleBooleanFieldAccessorImpl done
Event: 27.299 Loading class java/util/concurrent/locks/ReentrantReadWriteLock$Sync$HoldCounter
Event: 27.299 Loading class java/util/concurrent/locks/ReentrantReadWriteLock$Sync$HoldCounter done

Classes unloaded (7 events):
Event: 24.950 Thread 0x000001b8cb9d2610 Unloading class 0x000001b8cd1a5000 'java/lang/invoke/LambdaForm$MH+0x000001b8cd1a5000'
Event: 24.950 Thread 0x000001b8cb9d2610 Unloading class 0x000001b8cd1a4c00 'java/lang/invoke/LambdaForm$MH+0x000001b8cd1a4c00'
Event: 24.950 Thread 0x000001b8cb9d2610 Unloading class 0x000001b8cd1a4800 'java/lang/invoke/LambdaForm$MH+0x000001b8cd1a4800'
Event: 24.950 Thread 0x000001b8cb9d2610 Unloading class 0x000001b8cd1a4400 'java/lang/invoke/LambdaForm$MH+0x000001b8cd1a4400'
Event: 24.950 Thread 0x000001b8cb9d2610 Unloading class 0x000001b8cd1a4000 'java/lang/invoke/LambdaForm$BMH+0x000001b8cd1a4000'
Event: 24.950 Thread 0x000001b8cb9d2610 Unloading class 0x000001b8cd1a3c00 'java/lang/invoke/LambdaForm$DMH+0x000001b8cd1a3c00'
Event: 24.950 Thread 0x000001b8cb9d2610 Unloading class 0x000001b8cd1a2800 'java/lang/invoke/LambdaForm$DMH+0x000001b8cd1a2800'

Classes redefined (0 events):
No events

Internal exceptions (20 events):
Event: 25.985 Thread 0x000001b9137556f0 Exception <a 'java/lang/NoSuchMethodError'{0x00000000d655cbe8}: 'int java.lang.invoke.DirectMethodHandle$Holder.invokeStaticInit(java.lang.Object, float, float)'> (0x00000000d655cbe8) 
thrown [s\src\hotspot\share\interpreter\linkResolver.cpp, line 773]
Event: 25.986 Thread 0x000001b9137556f0 Exception <a 'java/lang/NoSuchMethodError'{0x00000000d6563618}: 'int java.lang.invoke.DirectMethodHandle$Holder.invokeStaticInit(java.lang.Object, double, double)'> (0x00000000d6563618) 
thrown [s\src\hotspot\share\interpreter\linkResolver.cpp, line 773]
Event: 25.992 Thread 0x000001b9137556f0 Exception <a 'java/lang/NoSuchMethodError'{0x00000000d6567b20}: 'int java.lang.invoke.DirectMethodHandle$Holder.invokeStatic(java.lang.Object, long)'> (0x00000000d6567b20) 
thrown [s\src\hotspot\share\interpreter\linkResolver.cpp, line 773]
Event: 25.997 Thread 0x000001b9137556f0 Exception <a 'java/lang/NoSuchMethodError'{0x00000000d6579180}: 'int java.lang.invoke.DirectMethodHandle$Holder.invokeSpecial(java.lang.Object, java.lang.Object, int, int)'> (0x00000000d6579180) 
thrown [s\src\hotspot\share\interpreter\linkResolver.cpp, line 773]
Event: 26.000 Thread 0x000001b913757e50 Exception <a 'java/lang/NoSuchMethodError'{0x00000000d65fa520}: 'int java.lang.invoke.Invokers$Holder.linkToTargetMethod(java.lang.Object, java.lang.Object)'> (0x00000000d65fa520) 
thrown [s\src\hotspot\share\interpreter\linkResolver.cpp, line 773]
Event: 26.012 Thread 0x000001b9137556f0 Exception <a 'java/lang/NoSuchMethodError'{0x00000000d660e390}: 'int java.lang.invoke.DirectMethodHandle$Holder.invokeSpecial(java.lang.Object, java.lang.Object, java.lang.Object, java.lang.Object)'> (0x00000000d660e390) 
thrown [s\src\hotspot\share\interpreter\linkResolver.cpp, line 773]
Event: 26.015 Thread 0x000001b9137556f0 Exception <a 'java/lang/NoSuchMethodError'{0x00000000d661bef8}: 'java.lang.Object java.lang.invoke.DirectMethodHandle$Holder.invokeStatic(java.lang.Object, int, java.lang.Object, java.lang.Object)'> (0x00000000d661bef8) 
thrown [s\src\hotspot\share\interpreter\linkResolver.cpp, line 773]
Event: 26.016 Thread 0x000001b9137556f0 Exception <a 'java/lang/NoSuchMethodError'{0x00000000d661fa50}: 'java.lang.Object java.lang.invoke.DelegatingMethodHandle$Holder.delegate(java.lang.Object, int, java.lang.Object, java.lang.Object)'> (0x00000000d661fa50) 
thrown [s\src\hotspot\share\interpreter\linkResolver.cpp, line 773]
Event: 26.020 Thread 0x000001b9137556f0 Exception <a 'java/lang/NoSuchMethodError'{0x00000000d6633710}: 'int java.lang.invoke.Invokers$Holder.linkToTargetMethod(java.lang.Object, java.lang.Object, java.lang.Object)'> (0x00000000d6633710) 
thrown [s\src\hotspot\share\interpreter\linkResolver.cpp, line 773]
Event: 26.131 Thread 0x000001b913757e50 Exception <a 'java/lang/NoSuchMethodError'{0x00000000d692fce0}: 'java.lang.Object java.lang.invoke.DirectMethodHandle$Holder.invokeSpecialIFC(java.lang.Object, java.lang.Object, java.lang.Object, java.lang.Object)'> (0x00000000d692fce0) 
thrown [s\src\hotspot\share\interpreter\linkResolver.cpp, line 773]
Event: 26.171 Thread 0x000001b90eee0b50 Exception <a 'java/lang/ClassNotFoundException'{0x00000000d6a79038}: com/sun/org/apache/xerces/internal/impl/msg/spi/DOMMessagesProvider> (0x00000000d6a79038) 
thrown [s\src\hotspot\share\classfile\systemDictionary.cpp, line 312]
Event: 26.175 Thread 0x000001b90eee0b50 Exception <a 'java/lang/ClassNotFoundException'{0x00000000d6a8a7f0}: com/sun/org/apache/xerces/internal/impl/msg/spi/XMLSerializerMessagesProvider> (0x00000000d6a8a7f0) 
thrown [s\src\hotspot\share\classfile\systemDictionary.cpp, line 312]
Event: 26.177 Thread 0x000001b90eee0b50 Exception <a 'java/lang/ClassNotFoundException'{0x00000000d6a97b10}: com/sun/org/apache/xerces/internal/impl/msg/spi/XMLMessagesProvider> (0x00000000d6a97b10) 
thrown [s\src\hotspot\share\classfile\systemDictionary.cpp, line 312]
Event: 26.545 Thread 0x000001b90eee0b50 Exception <a 'java/lang/ClassNotFoundException'{0x00000000d626c400}: com/sun/org/apache/xml/internal/serializer/spi/XMLEntitiesProvider> (0x00000000d626c400) 
thrown [s\src\hotspot\share\classfile\systemDictionary.cpp, line 312]
Event: 26.995 Thread 0x000001b90eee0b50 Exception <a 'java/io/FileNotFoundException'{0x00000000d57c49b0}> (0x00000000d57c49b0) 
thrown [s\src\hotspot\share\prims\jni.cpp, line 520]
Event: 27.025 Thread 0x000001b913757e50 Exception <a 'java/lang/NoClassDefFoundError'{0x00000000d5914918}: javax/enterprise/inject/Typed> (0x00000000d5914918) 
thrown [s\src\hotspot\share\classfile\systemDictionary.cpp, line 301]
Event: 27.170 Thread 0x000001b90eee0b50 Exception <a 'java/lang/UnsatisfiedLinkError'{0x00000000d59e10e0}: The specified procedure could not be found.
> (0x00000000d59e10e0) 
thrown [s\src\hotspot\share\prims\jni.cpp, line 539]
Event: 27.185 Thread 0x000001b90eee0b50 Exception <a 'java/io/FileNotFoundException'{0x00000000d59f8f70}> (0x00000000d59f8f70) 
thrown [s\src\hotspot\share\prims\jni.cpp, line 520]
Event: 27.235 Thread 0x000001b90eee0b50 Exception <a 'java/io/FileNotFoundException'{0x00000000d5b64dd8}> (0x00000000d5b64dd8) 
thrown [s\src\hotspot\share\prims\jni.cpp, line 520]
Event: 27.248 Thread 0x000001b90eee0b50 Exception <a 'java/lang/UnsatisfiedLinkError'{0x00000000d5b973b8}: The specified procedure could not be found.
> (0x00000000d5b973b8) 
thrown [s\src\hotspot\share\prims\jni.cpp, line 539]

ZGC Phase Switch (0 events):
No events

VM Operations (20 events):
Event: 24.778 Executing safepoint VM operation: Cleanup done
Event: 24.936 Executing safepoint VM operation: CollectForMetadataAllocation (Metadata GC Threshold)
Event: 24.994 Executing safepoint VM operation: CollectForMetadataAllocation (Metadata GC Threshold) done
Event: 25.327 Executing safepoint VM operation: ParallelGCFailedAllocation (Allocation Failure)
Event: 25.328 Executing safepoint VM operation: ParallelGCFailedAllocation (Allocation Failure) done
Event: 25.734 Executing safepoint VM operation: ParallelGCFailedAllocation (Allocation Failure)
Event: 25.737 Executing safepoint VM operation: ParallelGCFailedAllocation (Allocation Failure) done
Event: 26.044 Executing non-safepoint VM operation: HandshakeAllThreads (Deoptimize)
Event: 26.044 Executing non-safepoint VM operation: HandshakeAllThreads (Deoptimize) done
Event: 26.213 Executing safepoint VM operation: ParallelGCFailedAllocation (Allocation Failure)
Event: 26.216 Executing safepoint VM operation: ParallelGCFailedAllocation (Allocation Failure) done
Event: 26.298 Executing non-safepoint VM operation: HandshakeAllThreads (Deoptimize)
Event: 26.311 Executing non-safepoint VM operation: HandshakeAllThreads (Deoptimize) done
Event: 26.637 Executing non-safepoint VM operation: HandshakeAllThreads (Deoptimize)
Event: 26.637 Executing non-safepoint VM operation: HandshakeAllThreads (Deoptimize) done
Event: 26.904 Executing safepoint VM operation: ParallelGCFailedAllocation (Allocation Failure)
Event: 26.910 Executing safepoint VM operation: ParallelGCFailedAllocation (Allocation Failure) done
Event: 27.003 Executing non-safepoint VM operation: HandshakeAllThreads (Deoptimize)
Event: 27.003 Executing non-safepoint VM operation: HandshakeAllThreads (Deoptimize) done
Event: 28.004 Executing safepoint VM operation: Cleanup

Memory protections (0 events):
No events

Nmethod flushes (0 events):
No events

Events (20 events):
Event: 4.593 Thread 0x000001b8cb9fc010 Thread added: 0x000001b90ee70cb0
Event: 5.771 Thread 0x000001b90ee70cb0 Thread exited: 0x000001b90ee70cb0
Event: 5.855 Thread 0x000001b90eeda010 Thread exited: 0x000001b90eeda010
Event: 11.407 Thread 0x000001b8cb9fc010 Thread added: 0x000001b90e389ec0
Event: 11.505 Thread 0x000001b90eee0b50 Thread added: 0x000001b91331a4b0
Event: 12.006 Thread 0x000001b90e389ec0 Thread exited: 0x000001b90e389ec0
Event: 18.749 Thread 0x000001b90eee0b50 Thread added: 0x000001b91333ef30
Event: 19.105 Thread 0x000001b8cb9fc010 Thread added: 0x000001b90e7b2c90
Event: 19.619 Thread 0x000001b90eee0b50 Thread added: 0x000001b913945090
Event: 19.788 Thread 0x000001b90e7b2c90 Thread exited: 0x000001b90e7b2c90
Event: 22.055 Thread 0x000001b8cb9fc010 Thread added: 0x000001b91354e9f0
Event: 22.466 Thread 0x000001b90eee0b50 Thread added: 0x000001b913757130
Event: 22.580 Thread 0x000001b90eee0b50 Thread added: 0x000001b9137556f0
Event: 22.643 Thread 0x000001b90eee0b50 Thread added: 0x000001b913756410
Event: 23.425 Thread 0x000001b91354e9f0 Thread exited: 0x000001b91354e9f0
Event: 25.111 Thread 0x000001b9137556f0 Thread added: 0x000001b913757e50
Event: 25.826 Thread 0x000001b8cb9fc010 Thread added: 0x000001b913c573d0
Event: 25.827 Thread 0x000001b8cb9fc010 Thread added: 0x000001b91382f670
Event: 26.125 Thread 0x000001b913756410 Thread added: 0x000001b913755d80
Event: 26.218 Thread 0x000001b90eee0b50 Thread added: 0x000001b913756aa0


Dynamic libraries:
0x00007ff729dc0000 - 0x00007ff729dce000 	c:\Users\ashar\.vscode\extensions\redhat.java-1.53.0-win32-x64\jre\21.0.10-win32-x86_64\bin\java.exe
0x00007ffb89800000 - 0x00007ffb89a67000 	C:\WINDOWS\SYSTEM32\ntdll.dll
0x00007ffb88920000 - 0x00007ffb889e9000 	C:\WINDOWS\System32\KERNEL32.DLL
0x00007ffb871a0000 - 0x00007ffb8758f000 	C:\WINDOWS\System32\KERNELBASE.dll
0x00007ffb86ce0000 - 0x00007ffb86e2b000 	C:\WINDOWS\System32\ucrtbase.dll
0x00007ffb5da00000 - 0x00007ffb5da18000 	c:\Users\ashar\.vscode\extensions\redhat.java-1.53.0-win32-x64\jre\21.0.10-win32-x86_64\bin\jli.dll
0x00007ffb5d8e0000 - 0x00007ffb5d8fe000 	c:\Users\ashar\.vscode\extensions\redhat.java-1.53.0-win32-x64\jre\21.0.10-win32-x86_64\bin\VCRUNTIME140.dll
0x00007ffb886d0000 - 0x00007ffb88895000 	C:\WINDOWS\System32\USER32.dll
0x00007ffb86a10000 - 0x00007ffb86a37000 	C:\WINDOWS\System32\win32u.dll
0x00007ffb87f80000 - 0x00007ffb87fab000 	C:\WINDOWS\System32\GDI32.dll
0x00007ffb85b50000 - 0x00007ffb85de3000 	C:\WINDOWS\WinSxS\amd64_microsoft.windows.common-controls_6595b64144ccf1df_6.0.26100.7309_none_3e05feeae336a044\COMCTL32.dll
0x00007ffb86bb0000 - 0x00007ffb86cdc000 	C:\WINDOWS\System32\gdi32full.dll
0x00007ffb87040000 - 0x00007ffb870e3000 	C:\WINDOWS\System32\msvcp_win.dll
0x00007ffb89430000 - 0x00007ffb894d9000 	C:\WINDOWS\System32\msvcrt.dll
0x00007ffb88ab0000 - 0x00007ffb88ae1000 	C:\WINDOWS\System32\IMM32.DLL
0x00007ffb80260000 - 0x00007ffb8026c000 	c:\Users\ashar\.vscode\extensions\redhat.java-1.53.0-win32-x64\jre\21.0.10-win32-x86_64\bin\vcruntime140_1.dll
0x00007ffb5af60000 - 0x00007ffb5afed000 	c:\Users\ashar\.vscode\extensions\redhat.java-1.53.0-win32-x64\jre\21.0.10-win32-x86_64\bin\msvcp140.dll
0x00007ffb0c360000 - 0x00007ffb0d101000 	c:\Users\ashar\.vscode\extensions\redhat.java-1.53.0-win32-x64\jre\21.0.10-win32-x86_64\bin\server\jvm.dll
0x00007ffb889f0000 - 0x00007ffb88aa4000 	C:\WINDOWS\System32\ADVAPI32.dll
0x00007ffb87d20000 - 0x00007ffb87dc6000 	C:\WINDOWS\System32\sechost.dll
0x00007ffb87a10000 - 0x00007ffb87b28000 	C:\WINDOWS\System32\RPCRT4.dll
0x00007ffb89730000 - 0x00007ffb897a4000 	C:\WINDOWS\System32\WS2_32.dll
0x00007ffb867b0000 - 0x00007ffb8680e000 	C:\WINDOWS\SYSTEM32\POWRPROF.dll
0x00007ffb72100000 - 0x00007ffb72135000 	C:\WINDOWS\SYSTEM32\WINMM.dll
0x00007ffb77e00000 - 0x00007ffb77e0b000 	C:\WINDOWS\SYSTEM32\VERSION.dll
0x00007ffb86790000 - 0x00007ffb867a4000 	C:\WINDOWS\SYSTEM32\UMPDC.dll
0x00007ffb84d90000 - 0x00007ffb84dab000 	C:\WINDOWS\SYSTEM32\kernel.appcore.dll
0x00007ffb761f0000 - 0x00007ffb761fa000 	c:\Users\ashar\.vscode\extensions\redhat.java-1.53.0-win32-x64\jre\21.0.10-win32-x86_64\bin\jimage.dll
0x00007ffb86100000 - 0x00007ffb86342000 	C:\WINDOWS\SYSTEM32\DBGHELP.DLL
0x00007ffb875c0000 - 0x00007ffb87946000 	C:\WINDOWS\System32\combase.dll
0x00007ffb87fb0000 - 0x00007ffb88086000 	C:\WINDOWS\System32\OLEAUT32.dll
0x00007ffb85ff0000 - 0x00007ffb8602c000 	C:\WINDOWS\SYSTEM32\dbgcore.DLL
0x00007ffb870f0000 - 0x00007ffb87195000 	C:\WINDOWS\System32\bcryptPrimitives.dll
0x00007ffb76030000 - 0x00007ffb7603f000 	c:\Users\ashar\.vscode\extensions\redhat.java-1.53.0-win32-x64\jre\21.0.10-win32-x86_64\bin\instrument.dll
0x00007ffb5ced0000 - 0x00007ffb5cef0000 	c:\Users\ashar\.vscode\extensions\redhat.java-1.53.0-win32-x64\jre\21.0.10-win32-x86_64\bin\java.dll
0x00007ffb88cd0000 - 0x00007ffb89423000 	C:\WINDOWS\System32\SHELL32.dll
0x00007ffb86a40000 - 0x00007ffb86baa000 	C:\WINDOWS\System32\wintypes.dll
0x00007ffb83aa0000 - 0x00007ffb842fe000 	C:\WINDOWS\SYSTEM32\windows.storage.dll
0x00007ffb89530000 - 0x00007ffb89625000 	C:\WINDOWS\System32\SHCORE.dll
0x00007ffb896c0000 - 0x00007ffb89726000 	C:\WINDOWS\System32\shlwapi.dll
0x00007ffb86870000 - 0x00007ffb86899000 	C:\WINDOWS\SYSTEM32\profapi.dll
0x00007ffb5ca30000 - 0x00007ffb5ca48000 	c:\Users\ashar\.vscode\extensions\redhat.java-1.53.0-win32-x64\jre\21.0.10-win32-x86_64\bin\zip.dll
0x00007ffb75d50000 - 0x00007ffb75d60000 	C:\Users\ashar\.vscode\extensions\redhat.java-1.53.0-win32-x64\jre\21.0.10-win32-x86_64\bin\net.dll
0x00007ffb7c140000 - 0x00007ffb7c268000 	C:\WINDOWS\SYSTEM32\WINHTTP.dll
0x00007ffb852a0000 - 0x00007ffb8530b000 	C:\WINDOWS\system32\mswsock.dll
0x00007ffb5c800000 - 0x00007ffb5c816000 	C:\Users\ashar\.vscode\extensions\redhat.java-1.53.0-win32-x64\jre\21.0.10-win32-x86_64\bin\nio.dll
0x00007ffb72140000 - 0x00007ffb72150000 	c:\Users\ashar\.vscode\extensions\redhat.java-1.53.0-win32-x64\jre\21.0.10-win32-x86_64\bin\verify.dll
0x00007ffb7eb20000 - 0x00007ffb7eb65000 	C:\Users\ashar\AppData\Roaming\Code\User\globalStorage\redhat.java\1.53.0\config_win\org.eclipse.equinox.launcher\org.eclipse.equinox.launcher.win32.win32.x86_64_1.3.0.v20260203-2149\eclipse_11919.dll
0x00007ffb87dd0000 - 0x00007ffb87f67000 	C:\WINDOWS\System32\ole32.dll
0x00007ffb86470000 - 0x00007ffb8648b000 	C:\WINDOWS\SYSTEM32\CRYPTSP.dll
0x00007ffb85740000 - 0x00007ffb8577a000 	C:\WINDOWS\system32\rsaenh.dll
0x00007ffb85310000 - 0x00007ffb8533b000 	C:\WINDOWS\SYSTEM32\USERENV.dll
0x00007ffb86840000 - 0x00007ffb8686a000 	C:\WINDOWS\SYSTEM32\bcrypt.dll
0x00007ffb85990000 - 0x00007ffb8599c000 	C:\WINDOWS\SYSTEM32\CRYPTBASE.dll
0x00007ffb847c0000 - 0x00007ffb847f4000 	C:\WINDOWS\SYSTEM32\IPHLPAPI.DLL
0x00007ffb886c0000 - 0x00007ffb886ca000 	C:\WINDOWS\System32\NSI.dll
0x00007ffb5a6b0000 - 0x00007ffb5a6f9000 	C:\Users\ashar\AppData\Local\Temp\jna-93110567\jna10243069405980358545.dll
0x00007ffb87f70000 - 0x00007ffb87f78000 	C:\WINDOWS\System32\PSAPI.DLL
0x00007ffb7cfe0000 - 0x00007ffb7cffe000 	C:\WINDOWS\SYSTEM32\dhcpcsvc6.DLL
0x00007ffb7c110000 - 0x00007ffb7c133000 	C:\WINDOWS\SYSTEM32\dhcpcsvc.DLL

JVMTI agents:
c:\Users\ashar\.vscode\extensions\redhat.java-1.53.0-win32-x64\lombok\lombok-1.18.39-4050.jar path:c:\Users\ashar\.vscode\extensions\redhat.java-1.53.0-win32-x64\jre\21.0.10-win32-x86_64\bin\instrument.dll, loaded, initialized, instrumentlib options:none

dbghelp: loaded successfully - version: 4.0.5 - missing functions: none
symbol engine: initialized successfully - sym options: 0x614 - pdb path: .;c:\Users\ashar\.vscode\extensions\redhat.java-1.53.0-win32-x64\jre\21.0.10-win32-x86_64\bin;C:\WINDOWS\SYSTEM32;C:\WINDOWS\WinSxS\amd64_microsoft.windows.common-controls_6595b64144ccf1df_6.0.26100.7309_none_3e05feeae336a044;c:\Users\ashar\.vscode\extensions\redhat.java-1.53.0-win32-x64\jre\21.0.10-win32-x86_64\bin\server;C:\Users\ashar\AppData\Roaming\Code\User\globalStorage\redhat.java\1.53.0\config_win\org.eclipse.equinox.launcher\org.eclipse.equinox.launcher.win32.win32.x86_64_1.3.0.v20260203-2149;C:\Users\ashar\AppData\Local\Temp\jna-93110567

VM Arguments:
jvm_args: --add-modules=ALL-SYSTEM --add-opens=java.base/java.util=ALL-UNNAMED --add-opens=java.base/java.lang=ALL-UNNAMED --add-opens=java.base/sun.nio.fs=ALL-UNNAMED -Declipse.application=org.eclipse.jdt.ls.core.id1 -Dosgi.bundles.defaultStartLevel=4 -Declipse.product=org.eclipse.jdt.ls.core.product -Djava.import.generatesMetadataFilesAtProjectRoot=false -DDetectVMInstallationsJob.disabled=true -Dfile.encoding=utf8 -XX:+UseParallelGC -XX:GCTimeRatio=4 -XX:AdaptiveSizePolicyWeight=90 -Dsun.zip.disableMemoryMapping=true -Xmx2G -Xms100m -Xlog:disable -javaagent:c:\Users\ashar\.vscode\extensions\redhat.java-1.53.0-win32-x64\lombok\lombok-1.18.39-4050.jar -XX:+HeapDumpOnOutOfMemoryError -XX:HeapDumpPath=c:\Users\ashar\AppData\Roaming\Code\User\workspaceStorage\820ebd766458397fb867c928179f2ca1\redhat.java -Daether.dependencyCollector.impl=bf 
java_command: c:\Users\ashar\.vscode\extensions\redhat.java-1.53.0-win32-x64\server\plugins\org.eclipse.equinox.launcher_1.7.100.v20251111-0406.jar -configuration c:\Users\ashar\AppData\Roaming\Code\User\globalStorage\redhat.java\1.53.0\config_win -data c:\Users\ashar\AppData\Roaming\Code\User\workspaceStorage\820ebd766458397fb867c928179f2ca1\redhat.java\jdt_ws --pipe=\\.\pipe\lsp-aec9097b085ed9da83a0d5fd2ae4c643-sock
java_class_path (initial): c:\Users\ashar\.vscode\extensions\redhat.java-1.53.0-win32-x64\server\plugins\org.eclipse.equinox.launcher_1.7.100.v20251111-0406.jar
Launcher Type: SUN_STANDARD

[Global flags]
    uintx AdaptiveSizePolicyWeight                 = 90                                        {product} {command line}
     intx CICompilerCount                          = 4                                         {product} {ergonomic}
    uintx GCTimeRatio                              = 4                                         {product} {command line}
     bool HeapDumpOnOutOfMemoryError               = true                                   {manageable} {command line}
    ccstr HeapDumpPath                             = c:\Users\ashar\AppData\Roaming\Code\User\workspaceStorage\820ebd766458397fb867c928179f2ca1\redhat.java         {manageable} {command line}
   size_t InitialHeapSize                          = 104857600                                 {product} {command line}
   size_t MaxHeapSize                              = 2147483648                                {product} {command line}
   size_t MaxNewSize                               = 715653120                                 {product} {ergonomic}
   size_t MinHeapDeltaBytes                        = 524288                                    {product} {ergonomic}
   size_t MinHeapSize                              = 104857600                                 {product} {command line}
   size_t NewSize                                  = 34603008                                  {product} {ergonomic}
    uintx NonNMethodCodeHeapSize                   = 5839372                                {pd product} {ergonomic}
    uintx NonProfiledCodeHeapSize                  = 122909434                              {pd product} {ergonomic}
   size_t OldSize                                  = 70254592                                  {product} {ergonomic}
    uintx ProfiledCodeHeapSize                     = 122909434                              {pd product} {ergonomic}
    uintx ReservedCodeCacheSize                    = 251658240                              {pd product} {ergonomic}
     bool SegmentedCodeCache                       = true                                      {product} {ergonomic}
   size_t SoftMaxHeapSize                          = 2147483648                             {manageable} {ergonomic}
     bool UseCompressedOops                        = true                           {product lp64_product} {ergonomic}
     bool UseLargePagesIndividualAllocation        = false                                  {pd product} {ergonomic}
     bool UseParallelGC                            = true                                      {product} {command line}

Logging:
Log output configuration:
 #0: stdout all=off uptime,level,tags foldmultilines=false
 #1: stderr all=off uptime,level,tags foldmultilines=false

Release file:
JAVA_VERSION="21.0.10" 
MODULES="java.base java.compiler java.datatransfer java.xml java.prefs java.desktop java.instrument java.logging java.management java.security.sasl java.naming java.rmi java.management.rmi java.net.http java.scripting java.security.jgss java.transaction.xa java.sql java.sql.rowset java.xml.crypto java.se java.smartcardio jdk.accessibility jdk.internal.jvmstat jdk.attach jdk.charsets jdk.internal.opt jdk.zipfs jdk.compiler jdk.crypto.ec jdk.crypto.cryptoki jdk.crypto.mscapi jdk.dynalink jdk.internal.ed jdk.editpad jdk.hotspot.agent jdk.httpserver jdk.internal.le jdk.internal.vm.ci jdk.internal.vm.compiler jdk.internal.vm.compiler.management jdk.jartool jdk.javadoc jdk.jcmd jdk.management jdk.management.agent jdk.jconsole jdk.jdeps jdk.jdwp.agent jdk.jdi jdk.jfr jdk.jshell jdk.jsobject jdk.jstatd jdk.localedata jdk.management.jfr jdk.naming.dns jdk.naming.rmi jdk.net jdk.nio.mapmode jdk.random jdk.sctp jdk.security.auth jdk.security.jgss jdk.unsupported jdk.unsupported.desktop jdk.xml.dom" 

Environment Variables:
JAVA_HOME=C:\Program Files\Eclipse Adoptium\jdk-17.0.18.8-hotspot\
PATH=C:\Program Files\Eclipse Adoptium\jdk-17.0.18.8-hotspot\bin;C:\Program Files\Python314\Scripts\;C:\Program Files\Python314\;C:\Program Files (x86)\Common Files\Oracle\Java\javapath;C:\WINDOWS\system32;C:\WINDOWS;C:\WINDOWS\System32\Wbem;C:\WINDOWS\System32\WindowsPowerShell\v1.0\;C:\WINDOWS\System32\OpenSSH\;C:\Program Files\PuTTY\;C:\Program Files (x86)\ADFRsuite-1.0\bin;C:\Program Files (x86)\MGLTools-1.5.7;C:\msys64\mingw64\bin;C:\msys64\ucrt64\bin;C:\msys64\mingw32\bin;C:\MinGW\bin;C:\TDM-GCC-64\bin;C:\Program Files\Git\cmd;C:\Program Files\OpenBabel-2.4.1;C:\Users\ashar\AppData\Local\Microsoft\WindowsApps;C:\Users\ashar\AppData\Local\Microsoft\WindowsApps;C:\vina2;C:\Program Files (x86)\MGLTools-1.5.7;C:\Program Files (x86)\ADFRsuite-1.0\bin;C:\Users\ashar\AppData\Local\Programs\Microsoft VS Code\bin;C:\Users\ashar\AppData\Local\Python\bin;C:\msys64\ucrt64\bin;C:\TDM-GCC-64\bin;
USERNAME=ashar
OS=Windows_NT
PROCESSOR_IDENTIFIER=Intel64 Family 6 Model 142 Stepping 12, GenuineIntel
TMP=C:\Users\ashar\AppData\Local\Temp
TEMP=C:\Users\ashar\AppData\Local\Temp




Periodic native trim disabled

---------------  S Y S T E M  ---------------

OS:
 Windows 11 , 64 bit Build 26100 (10.0.26100.7623)
OS uptime: 0 days 4:51 hours
Hyper-V role detected

CPU: total 8 (initial active 8) (4 cores per cpu, 2 threads per core) family 6 model 142 stepping 12 microcode 0xea, cx8, cmov, fxsr, ht, mmx, 3dnowpref, sse, sse2, sse3, ssse3, sse4.1, sse4.2, popcnt, lzcnt, tsc, tscinvbit, avx, avx2, aes, erms, clmul, bmi1, bmi2, adx, fma, vzeroupper, clflush, clflushopt, hv, rdtscp, f16c
Processor Information for the first 8 processors :
  Max Mhz: 1800, Current Mhz: 1600, Mhz Limit: 1584

Memory: 4k page, system-wide physical 8072M (642M free)
TotalPageFile size 10072M (AvailPageFile size 6M)
current process WorkingSet (physical memory assigned to process): 199M, peak: 200M
current process commit charge ("private bytes"): 326M, peak: 328M

vm_info: OpenJDK 64-Bit Server VM (21.0.10+7-LTS) for windows-amd64 JRE (21.0.10+7-LTS), built on 2026-01-20T00:00:00Z by "admin" with MS VC++ 17.12 (VS2022)

END.
